============================= test session starts ==============================
platform darwin -- Python 3.13.5, pytest-8.4.1, pluggy-1.6.0
rootdir: /Users/aryanjain/Desktop/OZListings/oz-doc-processor
configfile: pyproject.toml
plugins: asyncio-1.1.0, timeout-2.4.0, anyio-4.10.0
asyncio: mode=Mode.STRICT, asyncio_default_fixture_loop_scope=None, asyncio_default_test_loop_scope=function
collected 13 items

testing/test_attom_api.py F
testing/test_bls_api.py {
    "status": "REQUEST_SUCCEEDED",
    "responseTime": 109,
    "message": [],
    "Results": {
        "series": [
            {
                "seriesID": "LNS14000000",
                "data": [
                    {
                        "year": "2025",
                        "period": "M07",
                        "periodName": "July",
                        "latest": "true",
                        "value": "4.2",
                        "footnotes": [
                            {}
                        ]
                    },
                    {
                        "year": "2025",
                        "period": "M06",
                        "periodName": "June",
                        "value": "4.1",
                        "footnotes": [
                            {}
                        ]
                    },
                    {
                        "year": "2025",
                        "period": "M05",
                        "periodName": "May",
                        "value": "4.2",
                        "footnotes": [
                            {}
                        ]
                    },
                    {
                        "year": "2025",
                        "period": "M04",
                        "periodName": "April",
                        "value": "4.2",
                        "footnotes": [
                            {}
                        ]
                    },
                    {
                        "year": "2025",
                        "period": "M03",
                        "periodName": "March",
                        "value": "4.2",
                        "footnotes": [
                            {}
                        ]
                    },
                    {
                        "year": "2025",
                        "period": "M02",
                        "periodName": "February",
                        "value": "4.1",
                        "footnotes": [
                            {}
                        ]
                    },
                    {
                        "year": "2025",
                        "period": "M01",
                        "periodName": "January",
                        "value": "4.0",
                        "footnotes": [
                            {}
                        ]
                    },
                    {
                        "year": "2024",
                        "period": "M12",
                        "periodName": "December",
                        "value": "4.1",
                        "footnotes": [
                            {}
                        ]
                    },
                    {
                        "year": "2024",
                        "period": "M11",
                        "periodName": "November",
                        "value": "4.2",
                        "footnotes": [
                            {}
                        ]
                    },
                    {
                        "year": "2024",
                        "period": "M10",
                        "periodName": "October",
                        "value": "4.1",
                        "footnotes": [
                            {}
                        ]
                    },
                    {
                        "year": "2024",
                        "period": "M09",
                        "periodName": "September",
                        "value": "4.1",
                        "footnotes": [
                            {}
                        ]
                    },
                    {
                        "year": "2024",
                        "period": "M08",
                        "periodName": "August",
                        "value": "4.2",
                        "footnotes": [
                            {}
                        ]
                    },
                    {
                        "year": "2024",
                        "period": "M07",
                        "periodName": "July",
                        "value": "4.2",
                        "footnotes": [
                            {}
                        ]
                    },
                    {
                        "year": "2024",
                        "period": "M06",
                        "periodName": "June",
                        "value": "4.1",
                        "footnotes": [
                            {}
                        ]
                    },
                    {
                        "year": "2024",
                        "period": "M05",
                        "periodName": "May",
                        "value": "4.0",
                        "footnotes": [
                            {}
                        ]
                    },
                    {
                        "year": "2024",
                        "period": "M04",
                        "periodName": "April",
                        "value": "3.9",
                        "footnotes": [
                            {}
                        ]
                    },
                    {
                        "year": "2024",
                        "period": "M03",
                        "periodName": "March",
                        "value": "3.9",
                        "footnotes": [
                            {}
                        ]
                    },
                    {
                        "year": "2024",
                        "period": "M02",
                        "periodName": "February",
                        "value": "3.9",
                        "footnotes": [
                            {}
                        ]
                    },
                    {
                        "year": "2024",
                        "period": "M01",
                        "periodName": "January",
                        "value": "3.7",
                        "footnotes": [
                            {}
                        ]
                    },
                    {
                        "year": "2023",
                        "period": "M12",
                        "periodName": "December",
                        "value": "3.8",
                        "footnotes": [
                            {}
                        ]
                    },
                    {
                        "year": "2023",
                        "period": "M11",
                        "periodName": "November",
                        "value": "3.7",
                        "footnotes": [
                            {}
                        ]
                    },
                    {
                        "year": "2023",
                        "period": "M10",
                        "periodName": "October",
                        "value": "3.9",
                        "footnotes": [
                            {}
                        ]
                    },
                    {
                        "year": "2023",
                        "period": "M09",
                        "periodName": "September",
                        "value": "3.8",
                        "footnotes": [
                            {}
                        ]
                    },
                    {
                        "year": "2023",
                        "period": "M08",
                        "periodName": "August",
                        "value": "3.7",
                        "footnotes": [
                            {}
                        ]
                    },
                    {
                        "year": "2023",
                        "period": "M07",
                        "periodName": "July",
                        "value": "3.5",
                        "footnotes": [
                            {}
                        ]
                    },
                    {
                        "year": "2023",
                        "period": "M06",
                        "periodName": "June",
                        "value": "3.6",
                        "footnotes": [
                            {}
                        ]
                    },
                    {
                        "year": "2023",
                        "period": "M05",
                        "periodName": "May",
                        "value": "3.6",
                        "footnotes": [
                            {}
                        ]
                    },
                    {
                        "year": "2023",
                        "period": "M04",
                        "periodName": "April",
                        "value": "3.4",
                        "footnotes": [
                            {}
                        ]
                    },
                    {
                        "year": "2023",
                        "period": "M03",
                        "periodName": "March",
                        "value": "3.5",
                        "footnotes": [
                            {}
                        ]
                    },
                    {
                        "year": "2023",
                        "period": "M02",
                        "periodName": "February",
                        "value": "3.6",
                        "footnotes": [
                            {}
                        ]
                    },
                    {
                        "year": "2023",
                        "period": "M01",
                        "periodName": "January",
                        "value": "3.5",
                        "footnotes": [
                            {}
                        ]
                    }
                ]
            }
        ]
    }
}
.
testing/test_census_api.py CENSUS_API_KEY loaded: 9f71e878591b59349872a44644f19ad8461a8d66

Testing Population Data Fetch
✗ No content returned from API (204)
s
Testing Income Data Fetch
✗ No content returned from API (204)
s
Testing Age Distribution Data Fetch
✗ No content returned from API (204)
s
Testing Education Data Fetch
✗ No content returned from API (204)
s
Testing Housing, Poverty, and Employment Data Fetch
✗ Error fetching housing, poverty, and employment data: 400 Client Error:  for url: 
https://api.census.gov/data/2022/acs/acs5?get=NAME%2CB25002_001E%2CB17001_002E%2CB24050_001E%2CB24050_003E%2
CB24050_007E%2CB24050_011E&for=county%3A06085&in=state%3A06&key=9f71e878591b59349872a44644f19ad8461a8d66
x
testing/test_fred_api.py {
    "realtime_start": "2025-08-28",
    "realtime_end": "2025-08-28",
    "observation_start": "1600-01-01",
    "observation_end": "9999-12-31",
    "units": "lin",
    "output_type": 1,
    "file_type": "json",
    "order_by": "observation_date",
    "sort_order": "asc",
    "count": 318,
    "offset": 0,
    "limit": 100000,
    "observations": [
        {
            "realtime_start": "2025-08-28",
            "realtime_end": "2025-08-28",
            "date": "1946-01-01",
            "value": "."
        },
        {
            "realtime_start": "2025-08-28",
            "realtime_end": "2025-08-28",
            "date": "1946-04-01",
            "value": "."
        },
        {
            "realtime_start": "2025-08-28",
            "realtime_end": "2025-08-28",
            "date": "1946-07-01",
            "value": "."
        },
        {
            "realtime_start": "2025-08-28",
            "realtime_end": "2025-08-28",
            "date": "1946-10-01",
            "value": "."
        },
        {
            "realtime_start": "2025-08-28",
            "realtime_end": "2025-08-28",
            "date": "1947-01-01",
            "value": "243.164"
        },
        {
            "realtime_start": "2025-08-28",
            "realtime_end": "2025-08-28",
            "date": "1947-04-01",
            "value": "245.968"
        },
        {
            "realtime_start": "2025-08-28",
            "realtime_end": "2025-08-28",
            "date": "1947-07-01",
            "value": "249.585"
        },
        {
            "realtime_start": "2025-08-28",
            "realtime_end": "2025-08-28",
            "date": "1947-10-01",
            "value": "259.745"
        },
        {
            "realtime_start": "2025-08-28",
            "realtime_end": "2025-08-28",
            "date": "1948-01-01",
            "value": "265.742"
        },
        {
            "realtime_start": "2025-08-28",
            "realtime_end": "2025-08-28",
            "date": "1948-04-01",
            "value": "272.567"
        },
        {
            "realtime_start": "2025-08-28",
            "realtime_end": "2025-08-28",
            "date": "1948-07-01",
            "value": "279.196"
        },
        {
            "realtime_start": "2025-08-28",
            "realtime_end": "2025-08-28",
            "date": "1948-10-01",
            "value": "280.366"
        },
        {
            "realtime_start": "2025-08-28",
            "realtime_end": "2025-08-28",
            "date": "1949-01-01",
            "value": "275.034"
        },
        {
            "realtime_start": "2025-08-28",
            "realtime_end": "2025-08-28",
            "date": "1949-04-01",
            "value": "271.351"
        },
        {
            "realtime_start": "2025-08-28",
            "realtime_end": "2025-08-28",
            "date": "1949-07-01",
            "value": "272.889"
        },
        {
            "realtime_start": "2025-08-28",
            "realtime_end": "2025-08-28",
            "date": "1949-10-01",
            "value": "270.627"
        },
        {
            "realtime_start": "2025-08-28",
            "realtime_end": "2025-08-28",
            "date": "1950-01-01",
            "value": "280.828"
        },
        {
            "realtime_start": "2025-08-28",
            "realtime_end": "2025-08-28",
            "date": "1950-04-01",
            "value": "290.383"
        },
        {
            "realtime_start": "2025-08-28",
            "realtime_end": "2025-08-28",
            "date": "1950-07-01",
            "value": "308.153"
        },
        {
            "realtime_start": "2025-08-28",
            "realtime_end": "2025-08-28",
            "date": "1950-10-01",
            "value": "319.945"
        },
        {
            "realtime_start": "2025-08-28",
            "realtime_end": "2025-08-28",
            "date": "1951-01-01",
            "value": "336.0"
        },
        {
            "realtime_start": "2025-08-28",
            "realtime_end": "2025-08-28",
            "date": "1951-04-01",
            "value": "344.09"
        },
        {
            "realtime_start": "2025-08-28",
            "realtime_end": "2025-08-28",
            "date": "1951-07-01",
            "value": "351.385"
        },
        {
            "realtime_start": "2025-08-28",
            "realtime_end": "2025-08-28",
            "date": "1951-10-01",
            "value": "356.178"
        },
        {
            "realtime_start": "2025-08-28",
            "realtime_end": "2025-08-28",
            "date": "1952-01-01",
            "value": "359.82"
        },
        {
            "realtime_start": "2025-08-28",
            "realtime_end": "2025-08-28",
            "date": "1952-04-01",
            "value": "361.03"
        },
        {
            "realtime_start": "2025-08-28",
            "realtime_end": "2025-08-28",
            "date": "1952-07-01",
            "value": "367.701"
        },
        {
            "realtime_start": "2025-08-28",
            "realtime_end": "2025-08-28",
            "date": "1952-10-01",
            "value": "380.812"
        },
        {
            "realtime_start": "2025-08-28",
            "realtime_end": "2025-08-28",
            "date": "1953-01-01",
            "value": "387.98"
        },
        {
            "realtime_start": "2025-08-28",
            "realtime_end": "2025-08-28",
            "date": "1953-04-01",
            "value": "391.749"
        },
        {
            "realtime_start": "2025-08-28",
            "realtime_end": "2025-08-28",
            "date": "1953-07-01",
            "value": "391.171"
        },
        {
            "realtime_start": "2025-08-28",
            "realtime_end": "2025-08-28",
            "date": "1953-10-01",
            "value": "385.97"
        },
        {
            "realtime_start": "2025-08-28",
            "realtime_end": "2025-08-28",
            "date": "1954-01-01",
            "value": "385.345"
        },
        {
            "realtime_start": "2025-08-28",
            "realtime_end": "2025-08-28",
            "date": "1954-04-01",
            "value": "386.121"
        },
        {
            "realtime_start": "2025-08-28",
            "realtime_end": "2025-08-28",
            "date": "1954-07-01",
            "value": "390.996"
        },
        {
            "realtime_start": "2025-08-28",
            "realtime_end": "2025-08-28",
            "date": "1954-10-01",
            "value": "399.734"
        },
        {
            "realtime_start": "2025-08-28",
            "realtime_end": "2025-08-28",
            "date": "1955-01-01",
            "value": "413.073"
        },
        {
            "realtime_start": "2025-08-28",
            "realtime_end": "2025-08-28",
            "date": "1955-04-01",
            "value": "421.532"
        },
        {
            "realtime_start": "2025-08-28",
            "realtime_end": "2025-08-28",
            "date": "1955-07-01",
            "value": "430.221"
        },
        {
            "realtime_start": "2025-08-28",
            "realtime_end": "2025-08-28",
            "date": "1955-10-01",
            "value": "437.092"
        },
        {
            "realtime_start": "2025-08-28",
            "realtime_end": "2025-08-28",
            "date": "1956-01-01",
            "value": "439.746"
        },
        {
            "realtime_start": "2025-08-28",
            "realtime_end": "2025-08-28",
            "date": "1956-04-01",
            "value": "446.01"
        },
        {
            "realtime_start": "2025-08-28",
            "realtime_end": "2025-08-28",
            "date": "1956-07-01",
            "value": "451.191"
        },
        {
            "realtime_start": "2025-08-28",
            "realtime_end": "2025-08-28",
            "date": "1956-10-01",
            "value": "460.463"
        },
        {
            "realtime_start": "2025-08-28",
            "realtime_end": "2025-08-28",
            "date": "1957-01-01",
            "value": "469.779"
        },
        {
            "realtime_start": "2025-08-28",
            "realtime_end": "2025-08-28",
            "date": "1957-04-01",
            "value": "472.025"
        },
        {
            "realtime_start": "2025-08-28",
            "realtime_end": "2025-08-28",
            "date": "1957-07-01",
            "value": "479.49"
        },
        {
            "realtime_start": "2025-08-28",
            "realtime_end": "2025-08-28",
            "date": "1957-10-01",
            "value": "474.864"
        },
        {
            "realtime_start": "2025-08-28",
            "realtime_end": "2025-08-28",
            "date": "1958-01-01",
            "value": "467.54"
        },
        {
            "realtime_start": "2025-08-28",
            "realtime_end": "2025-08-28",
            "date": "1958-04-01",
            "value": "471.978"
        },
        {
            "realtime_start": "2025-08-28",
            "realtime_end": "2025-08-28",
            "date": "1958-07-01",
            "value": "485.841"
        },
        {
            "realtime_start": "2025-08-28",
            "realtime_end": "2025-08-28",
            "date": "1958-10-01",
            "value": "499.555"
        },
        {
            "realtime_start": "2025-08-28",
            "realtime_end": "2025-08-28",
            "date": "1959-01-01",
            "value": "510.33"
        },
        {
            "realtime_start": "2025-08-28",
            "realtime_end": "2025-08-28",
            "date": "1959-04-01",
            "value": "522.653"
        },
        {
            "realtime_start": "2025-08-28",
            "realtime_end": "2025-08-28",
            "date": "1959-07-01",
            "value": "525.034"
        },
        {
            "realtime_start": "2025-08-28",
            "realtime_end": "2025-08-28",
            "date": "1959-10-01",
            "value": "528.6"
        },
        {
            "realtime_start": "2025-08-28",
            "realtime_end": "2025-08-28",
            "date": "1960-01-01",
            "value": "542.648"
        },
        {
            "realtime_start": "2025-08-28",
            "realtime_end": "2025-08-28",
            "date": "1960-04-01",
            "value": "541.08"
        },
        {
            "realtime_start": "2025-08-28",
            "realtime_end": "2025-08-28",
            "date": "1960-07-01",
            "value": "545.604"
        },
        {
            "realtime_start": "2025-08-28",
            "realtime_end": "2025-08-28",
            "date": "1960-10-01",
            "value": "540.197"
        },
        {
            "realtime_start": "2025-08-28",
            "realtime_end": "2025-08-28",
            "date": "1961-01-01",
            "value": "545.018"
        },
        {
            "realtime_start": "2025-08-28",
            "realtime_end": "2025-08-28",
            "date": "1961-04-01",
            "value": "555.545"
        },
        {
            "realtime_start": "2025-08-28",
            "realtime_end": "2025-08-28",
            "date": "1961-07-01",
            "value": "567.664"
        },
        {
            "realtime_start": "2025-08-28",
            "realtime_end": "2025-08-28",
            "date": "1961-10-01",
            "value": "580.612"
        },
        {
            "realtime_start": "2025-08-28",
            "realtime_end": "2025-08-28",
            "date": "1962-01-01",
            "value": "594.013"
        },
        {
            "realtime_start": "2025-08-28",
            "realtime_end": "2025-08-28",
            "date": "1962-04-01",
            "value": "600.366"
        },
        {
            "realtime_start": "2025-08-28",
            "realtime_end": "2025-08-28",
            "date": "1962-07-01",
            "value": "609.027"
        },
        {
            "realtime_start": "2025-08-28",
            "realtime_end": "2025-08-28",
            "date": "1962-10-01",
            "value": "612.28"
        },
        {
            "realtime_start": "2025-08-28",
            "realtime_end": "2025-08-28",
            "date": "1963-01-01",
            "value": "621.672"
        },
        {
            "realtime_start": "2025-08-28",
            "realtime_end": "2025-08-28",
            "date": "1963-04-01",
            "value": "629.752"
        },
        {
            "realtime_start": "2025-08-28",
            "realtime_end": "2025-08-28",
            "date": "1963-07-01",
            "value": "644.444"
        },
        {
            "realtime_start": "2025-08-28",
            "realtime_end": "2025-08-28",
            "date": "1963-10-01",
            "value": "653.938"
        },
        {
            "realtime_start": "2025-08-28",
            "realtime_end": "2025-08-28",
            "date": "1964-01-01",
            "value": "669.822"
        },
        {
            "realtime_start": "2025-08-28",
            "realtime_end": "2025-08-28",
            "date": "1964-04-01",
            "value": "678.674"
        },
        {
            "realtime_start": "2025-08-28",
            "realtime_end": "2025-08-28",
            "date": "1964-07-01",
            "value": "692.031"
        },
        {
            "realtime_start": "2025-08-28",
            "realtime_end": "2025-08-28",
            "date": "1964-10-01",
            "value": "697.319"
        },
        {
            "realtime_start": "2025-08-28",
            "realtime_end": "2025-08-28",
            "date": "1965-01-01",
            "value": "717.79"
        },
        {
            "realtime_start": "2025-08-28",
            "realtime_end": "2025-08-28",
            "date": "1965-04-01",
            "value": "730.191"
        },
        {
            "realtime_start": "2025-08-28",
            "realtime_end": "2025-08-28",
            "date": "1965-07-01",
            "value": "749.323"
        },
        {
            "realtime_start": "2025-08-28",
            "realtime_end": "2025-08-28",
            "date": "1965-10-01",
            "value": "771.857"
        },
        {
            "realtime_start": "2025-08-28",
            "realtime_end": "2025-08-28",
            "date": "1966-01-01",
            "value": "795.734"
        },
        {
            "realtime_start": "2025-08-28",
            "realtime_end": "2025-08-28",
            "date": "1966-04-01",
            "value": "804.981"
        },
        {
            "realtime_start": "2025-08-28",
            "realtime_end": "2025-08-28",
            "date": "1966-07-01",
            "value": "819.638"
        },
        {
            "realtime_start": "2025-08-28",
            "realtime_end": "2025-08-28",
            "date": "1966-10-01",
            "value": "833.302"
        },
        {
            "realtime_start": "2025-08-28",
            "realtime_end": "2025-08-28",
            "date": "1967-01-01",
            "value": "844.17"
        },
        {
            "realtime_start": "2025-08-28",
            "realtime_end": "2025-08-28",
            "date": "1967-04-01",
            "value": "848.983"
        },
        {
            "realtime_start": "2025-08-28",
            "realtime_end": "2025-08-28",
            "date": "1967-07-01",
            "value": "865.233"
        },
        {
            "realtime_start": "2025-08-28",
            "realtime_end": "2025-08-28",
            "date": "1967-10-01",
            "value": "881.439"
        },
        {
            "realtime_start": "2025-08-28",
            "realtime_end": "2025-08-28",
            "date": "1968-01-01",
            "value": "909.387"
        },
        {
            "realtime_start": "2025-08-28",
            "realtime_end": "2025-08-28",
            "date": "1968-04-01",
            "value": "934.344"
        },
        {
            "realtime_start": "2025-08-28",
            "realtime_end": "2025-08-28",
            "date": "1968-07-01",
            "value": "950.825"
        },
        {
            "realtime_start": "2025-08-28",
            "realtime_end": "2025-08-28",
            "date": "1968-10-01",
            "value": "968.03"
        },
        {
            "realtime_start": "2025-08-28",
            "realtime_end": "2025-08-28",
            "date": "1969-01-01",
            "value": "993.337"
        },
        {
            "realtime_start": "2025-08-28",
            "realtime_end": "2025-08-28",
            "date": "1969-04-01",
            "value": "1009.02"
        },
        {
            "realtime_start": "2025-08-28",
            "realtime_end": "2025-08-28",
            "date": "1969-07-01",
            "value": "1029.956"
        },
        {
            "realtime_start": "2025-08-28",
            "realtime_end": "2025-08-28",
            "date": "1969-10-01",
            "value": "1038.147"
        },
        {
            "realtime_start": "2025-08-28",
            "realtime_end": "2025-08-28",
            "date": "1970-01-01",
            "value": "1051.2"
        },
        {
            "realtime_start": "2025-08-28",
            "realtime_end": "2025-08-28",
            "date": "1970-04-01",
            "value": "1067.375"
        },
        {
            "realtime_start": "2025-08-28",
            "realtime_end": "2025-08-28",
            "date": "1970-07-01",
            "value": "1086.059"
        },
        {
            "realtime_start": "2025-08-28",
            "realtime_end": "2025-08-28",
            "date": "1970-10-01",
            "value": "1088.608"
        },
        {
            "realtime_start": "2025-08-28",
            "realtime_end": "2025-08-28",
            "date": "1971-01-01",
            "value": "1135.156"
        },
        {
            "realtime_start": "2025-08-28",
            "realtime_end": "2025-08-28",
            "date": "1971-04-01",
            "value": "1156.271"
        },
        {
            "realtime_start": "2025-08-28",
            "realtime_end": "2025-08-28",
            "date": "1971-07-01",
            "value": "1177.675"
        },
        {
            "realtime_start": "2025-08-28",
            "realtime_end": "2025-08-28",
            "date": "1971-10-01",
            "value": "1190.297"
        },
        {
            "realtime_start": "2025-08-28",
            "realtime_end": "2025-08-28",
            "date": "1972-01-01",
            "value": "1230.609"
        },
        {
            "realtime_start": "2025-08-28",
            "realtime_end": "2025-08-28",
            "date": "1972-04-01",
            "value": "1266.369"
        },
        {
            "realtime_start": "2025-08-28",
            "realtime_end": "2025-08-28",
            "date": "1972-07-01",
            "value": "1290.566"
        },
        {
            "realtime_start": "2025-08-28",
            "realtime_end": "2025-08-28",
            "date": "1972-10-01",
            "value": "1328.904"
        },
        {
            "realtime_start": "2025-08-28",
            "realtime_end": "2025-08-28",
            "date": "1973-01-01",
            "value": "1377.49"
        },
        {
            "realtime_start": "2025-08-28",
            "realtime_end": "2025-08-28",
            "date": "1973-04-01",
            "value": "1413.887"
        },
        {
            "realtime_start": "2025-08-28",
            "realtime_end": "2025-08-28",
            "date": "1973-07-01",
            "value": "1433.838"
        },
        {
            "realtime_start": "2025-08-28",
            "realtime_end": "2025-08-28",
            "date": "1973-10-01",
            "value": "1476.289"
        },
        {
            "realtime_start": "2025-08-28",
            "realtime_end": "2025-08-28",
            "date": "1974-01-01",
            "value": "1491.209"
        },
        {
            "realtime_start": "2025-08-28",
            "realtime_end": "2025-08-28",
            "date": "1974-04-01",
            "value": "1530.056"
        },
        {
            "realtime_start": "2025-08-28",
            "realtime_end": "2025-08-28",
            "date": "1974-07-01",
            "value": "1560.026"
        },
        {
            "realtime_start": "2025-08-28",
            "realtime_end": "2025-08-28",
            "date": "1974-10-01",
            "value": "1599.679"
        },
        {
            "realtime_start": "2025-08-28",
            "realtime_end": "2025-08-28",
            "date": "1975-01-01",
            "value": "1616.116"
        },
        {
            "realtime_start": "2025-08-28",
            "realtime_end": "2025-08-28",
            "date": "1975-04-01",
            "value": "1651.853"
        },
        {
            "realtime_start": "2025-08-28",
            "realtime_end": "2025-08-28",
            "date": "1975-07-01",
            "value": "1709.82"
        },
        {
            "realtime_start": "2025-08-28",
            "realtime_end": "2025-08-28",
            "date": "1975-10-01",
            "value": "1761.831"
        },
        {
            "realtime_start": "2025-08-28",
            "realtime_end": "2025-08-28",
            "date": "1976-01-01",
            "value": "1820.487"
        },
        {
            "realtime_start": "2025-08-28",
            "realtime_end": "2025-08-28",
            "date": "1976-04-01",
            "value": "1852.332"
        },
        {
            "realtime_start": "2025-08-28",
            "realtime_end": "2025-08-28",
            "date": "1976-07-01",
            "value": "1886.558"
        },
        {
            "realtime_start": "2025-08-28",
            "realtime_end": "2025-08-28",
            "date": "1976-10-01",
            "value": "1934.273"
        },
        {
            "realtime_start": "2025-08-28",
            "realtime_end": "2025-08-28",
            "date": "1977-01-01",
            "value": "1988.648"
        },
        {
            "realtime_start": "2025-08-28",
            "realtime_end": "2025-08-28",
            "date": "1977-04-01",
            "value": "2055.909"
        },
        {
            "realtime_start": "2025-08-28",
            "realtime_end": "2025-08-28",
            "date": "1977-07-01",
            "value": "2118.473"
        },
        {
            "realtime_start": "2025-08-28",
            "realtime_end": "2025-08-28",
            "date": "1977-10-01",
            "value": "2164.27"
        },
        {
            "realtime_start": "2025-08-28",
            "realtime_end": "2025-08-28",
            "date": "1978-01-01",
            "value": "2202.76"
        },
        {
            "realtime_start": "2025-08-28",
            "realtime_end": "2025-08-28",
            "date": "1978-04-01",
            "value": "2331.633"
        },
        {
            "realtime_start": "2025-08-28",
            "realtime_end": "2025-08-28",
            "date": "1978-07-01",
            "value": "2395.053"
        },
        {
            "realtime_start": "2025-08-28",
            "realtime_end": "2025-08-28",
            "date": "1978-10-01",
            "value": "2476.949"
        },
        {
            "realtime_start": "2025-08-28",
            "realtime_end": "2025-08-28",
            "date": "1979-01-01",
            "value": "2526.61"
        },
        {
            "realtime_start": "2025-08-28",
            "realtime_end": "2025-08-28",
            "date": "1979-04-01",
            "value": "2591.247"
        },
        {
            "realtime_start": "2025-08-28",
            "realtime_end": "2025-08-28",
            "date": "1979-07-01",
            "value": "2667.565"
        },
        {
            "realtime_start": "2025-08-28",
            "realtime_end": "2025-08-28",
            "date": "1979-10-01",
            "value": "2723.883"
        },
        {
            "realtime_start": "2025-08-28",
            "realtime_end": "2025-08-28",
            "date": "1980-01-01",
            "value": "2789.842"
        },
        {
            "realtime_start": "2025-08-28",
            "realtime_end": "2025-08-28",
            "date": "1980-04-01",
            "value": "2797.352"
        },
        {
            "realtime_start": "2025-08-28",
            "realtime_end": "2025-08-28",
            "date": "1980-07-01",
            "value": "2856.483"
        },
        {
            "realtime_start": "2025-08-28",
            "realtime_end": "2025-08-28",
            "date": "1980-10-01",
            "value": "2985.557"
        },
        {
            "realtime_start": "2025-08-28",
            "realtime_end": "2025-08-28",
            "date": "1981-01-01",
            "value": "3124.206"
        },
        {
            "realtime_start": "2025-08-28",
            "realtime_end": "2025-08-28",
            "date": "1981-04-01",
            "value": "3162.532"
        },
        {
            "realtime_start": "2025-08-28",
            "realtime_end": "2025-08-28",
            "date": "1981-07-01",
            "value": "3260.609"
        },
        {
            "realtime_start": "2025-08-28",
            "realtime_end": "2025-08-28",
            "date": "1981-10-01",
            "value": "3280.818"
        },
        {
            "realtime_start": "2025-08-28",
            "realtime_end": "2025-08-28",
            "date": "1982-01-01",
            "value": "3274.302"
        },
        {
            "realtime_start": "2025-08-28",
            "realtime_end": "2025-08-28",
            "date": "1982-04-01",
            "value": "3331.972"
        },
        {
            "realtime_start": "2025-08-28",
            "realtime_end": "2025-08-28",
            "date": "1982-07-01",
            "value": "3366.322"
        },
        {
            "realtime_start": "2025-08-28",
            "realtime_end": "2025-08-28",
            "date": "1982-10-01",
            "value": "3402.561"
        },
        {
            "realtime_start": "2025-08-28",
            "realtime_end": "2025-08-28",
            "date": "1983-01-01",
            "value": "3473.413"
        },
        {
            "realtime_start": "2025-08-28",
            "realtime_end": "2025-08-28",
            "date": "1983-04-01",
            "value": "3578.848"
        },
        {
            "realtime_start": "2025-08-28",
            "realtime_end": "2025-08-28",
            "date": "1983-07-01",
            "value": "3689.179"
        },
        {
            "realtime_start": "2025-08-28",
            "realtime_end": "2025-08-28",
            "date": "1983-10-01",
            "value": "3794.706"
        },
        {
            "realtime_start": "2025-08-28",
            "realtime_end": "2025-08-28",
            "date": "1984-01-01",
            "value": "3908.054"
        },
        {
            "realtime_start": "2025-08-28",
            "realtime_end": "2025-08-28",
            "date": "1984-04-01",
            "value": "4009.601"
        },
        {
            "realtime_start": "2025-08-28",
            "realtime_end": "2025-08-28",
            "date": "1984-07-01",
            "value": "4084.25"
        },
        {
            "realtime_start": "2025-08-28",
            "realtime_end": "2025-08-28",
            "date": "1984-10-01",
            "value": "4148.551"
        },
        {
            "realtime_start": "2025-08-28",
            "realtime_end": "2025-08-28",
            "date": "1985-01-01",
            "value": "4230.168"
        },
        {
            "realtime_start": "2025-08-28",
            "realtime_end": "2025-08-28",
            "date": "1985-04-01",
            "value": "4294.887"
        },
        {
            "realtime_start": "2025-08-28",
            "realtime_end": "2025-08-28",
            "date": "1985-07-01",
            "value": "4386.773"
        },
        {
            "realtime_start": "2025-08-28",
            "realtime_end": "2025-08-28",
            "date": "1985-10-01",
            "value": "4444.094"
        },
        {
            "realtime_start": "2025-08-28",
            "realtime_end": "2025-08-28",
            "date": "1986-01-01",
            "value": "4507.894"
        },
        {
            "realtime_start": "2025-08-28",
            "realtime_end": "2025-08-28",
            "date": "1986-04-01",
            "value": "4545.34"
        },
        {
            "realtime_start": "2025-08-28",
            "realtime_end": "2025-08-28",
            "date": "1986-07-01",
            "value": "4607.669"
        },
        {
            "realtime_start": "2025-08-28",
            "realtime_end": "2025-08-28",
            "date": "1986-10-01",
            "value": "4657.627"
        },
        {
            "realtime_start": "2025-08-28",
            "realtime_end": "2025-08-28",
            "date": "1987-01-01",
            "value": "4722.156"
        },
        {
            "realtime_start": "2025-08-28",
            "realtime_end": "2025-08-28",
            "date": "1987-04-01",
            "value": "4806.16"
        },
        {
            "realtime_start": "2025-08-28",
            "realtime_end": "2025-08-28",
            "date": "1987-07-01",
            "value": "4884.555"
        },
        {
            "realtime_start": "2025-08-28",
            "realtime_end": "2025-08-28",
            "date": "1987-10-01",
            "value": "5007.994"
        },
        {
            "realtime_start": "2025-08-28",
            "realtime_end": "2025-08-28",
            "date": "1988-01-01",
            "value": "5073.372"
        },
        {
            "realtime_start": "2025-08-28",
            "realtime_end": "2025-08-28",
            "date": "1988-04-01",
            "value": "5190.036"
        },
        {
            "realtime_start": "2025-08-28",
            "realtime_end": "2025-08-28",
            "date": "1988-07-01",
            "value": "5282.835"
        },
        {
            "realtime_start": "2025-08-28",
            "realtime_end": "2025-08-28",
            "date": "1988-10-01",
            "value": "5399.509"
        },
        {
            "realtime_start": "2025-08-28",
            "realtime_end": "2025-08-28",
            "date": "1989-01-01",
            "value": "5511.253"
        },
        {
            "realtime_start": "2025-08-28",
            "realtime_end": "2025-08-28",
            "date": "1989-04-01",
            "value": "5612.463"
        },
        {
            "realtime_start": "2025-08-28",
            "realtime_end": "2025-08-28",
            "date": "1989-07-01",
            "value": "5695.365"
        },
        {
            "realtime_start": "2025-08-28",
            "realtime_end": "2025-08-28",
            "date": "1989-10-01",
            "value": "5747.237"
        },
        {
            "realtime_start": "2025-08-28",
            "realtime_end": "2025-08-28",
            "date": "1990-01-01",
            "value": "5872.701"
        },
        {
            "realtime_start": "2025-08-28",
            "realtime_end": "2025-08-28",
            "date": "1990-04-01",
            "value": "5960.028"
        },
        {
            "realtime_start": "2025-08-28",
            "realtime_end": "2025-08-28",
            "date": "1990-07-01",
            "value": "6015.116"
        },
        {
            "realtime_start": "2025-08-28",
            "realtime_end": "2025-08-28",
            "date": "1990-10-01",
            "value": "6004.733"
        },
        {
            "realtime_start": "2025-08-28",
            "realtime_end": "2025-08-28",
            "date": "1991-01-01",
            "value": "6035.178"
        },
        {
            "realtime_start": "2025-08-28",
            "realtime_end": "2025-08-28",
            "date": "1991-04-01",
            "value": "6126.862"
        },
        {
            "realtime_start": "2025-08-28",
            "realtime_end": "2025-08-28",
            "date": "1991-07-01",
            "value": "6205.937"
        },
        {
            "realtime_start": "2025-08-28",
            "realtime_end": "2025-08-28",
            "date": "1991-10-01",
            "value": "6264.54"
        },
        {
            "realtime_start": "2025-08-28",
            "realtime_end": "2025-08-28",
            "date": "1992-01-01",
            "value": "6363.102"
        },
        {
            "realtime_start": "2025-08-28",
            "realtime_end": "2025-08-28",
            "date": "1992-04-01",
            "value": "6470.763"
        },
        {
            "realtime_start": "2025-08-28",
            "realtime_end": "2025-08-28",
            "date": "1992-07-01",
            "value": "6566.641"
        },
        {
            "realtime_start": "2025-08-28",
            "realtime_end": "2025-08-28",
            "date": "1992-10-01",
            "value": "6680.803"
        },
        {
            "realtime_start": "2025-08-28",
            "realtime_end": "2025-08-28",
            "date": "1993-01-01",
            "value": "6729.459"
        },
        {
            "realtime_start": "2025-08-28",
            "realtime_end": "2025-08-28",
            "date": "1993-04-01",
            "value": "6808.939"
        },
        {
            "realtime_start": "2025-08-28",
            "realtime_end": "2025-08-28",
            "date": "1993-07-01",
            "value": "6882.098"
        },
        {
            "realtime_start": "2025-08-28",
            "realtime_end": "2025-08-28",
            "date": "1993-10-01",
            "value": "7013.738"
        },
        {
            "realtime_start": "2025-08-28",
            "realtime_end": "2025-08-28",
            "date": "1994-01-01",
            "value": "7115.652"
        },
        {
            "realtime_start": "2025-08-28",
            "realtime_end": "2025-08-28",
            "date": "1994-04-01",
            "value": "7246.931"
        },
        {
            "realtime_start": "2025-08-28",
            "realtime_end": "2025-08-28",
            "date": "1994-07-01",
            "value": "7331.075"
        },
        {
            "realtime_start": "2025-08-28",
            "realtime_end": "2025-08-28",
            "date": "1994-10-01",
            "value": "7455.288"
        },
        {
            "realtime_start": "2025-08-28",
            "realtime_end": "2025-08-28",
            "date": "1995-01-01",
            "value": "7522.289"
        },
        {
            "realtime_start": "2025-08-28",
            "realtime_end": "2025-08-28",
            "date": "1995-04-01",
            "value": "7580.997"
        },
        {
            "realtime_start": "2025-08-28",
            "realtime_end": "2025-08-28",
            "date": "1995-07-01",
            "value": "7683.125"
        },
        {
            "realtime_start": "2025-08-28",
            "realtime_end": "2025-08-28",
            "date": "1995-10-01",
            "value": "7772.586"
        },
        {
            "realtime_start": "2025-08-28",
            "realtime_end": "2025-08-28",
            "date": "1996-01-01",
            "value": "7868.468"
        },
        {
            "realtime_start": "2025-08-28",
            "realtime_end": "2025-08-28",
            "date": "1996-04-01",
            "value": "8032.84"
        },
        {
            "realtime_start": "2025-08-28",
            "realtime_end": "2025-08-28",
            "date": "1996-07-01",
            "value": "8131.408"
        },
        {
            "realtime_start": "2025-08-28",
            "realtime_end": "2025-08-28",
            "date": "1996-10-01",
            "value": "8259.771"
        },
        {
            "realtime_start": "2025-08-28",
            "realtime_end": "2025-08-28",
            "date": "1997-01-01",
            "value": "8362.655"
        },
        {
            "realtime_start": "2025-08-28",
            "realtime_end": "2025-08-28",
            "date": "1997-04-01",
            "value": "8518.825"
        },
        {
            "realtime_start": "2025-08-28",
            "realtime_end": "2025-08-28",
            "date": "1997-07-01",
            "value": "8662.823"
        },
        {
            "realtime_start": "2025-08-28",
            "realtime_end": "2025-08-28",
            "date": "1997-10-01",
            "value": "8765.907"
        },
        {
            "realtime_start": "2025-08-28",
            "realtime_end": "2025-08-28",
            "date": "1998-01-01",
            "value": "8866.48"
        },
        {
            "realtime_start": "2025-08-28",
            "realtime_end": "2025-08-28",
            "date": "1998-04-01",
            "value": "8969.699"
        },
        {
            "realtime_start": "2025-08-28",
            "realtime_end": "2025-08-28",
            "date": "1998-07-01",
            "value": "9121.097"
        },
        {
            "realtime_start": "2025-08-28",
            "realtime_end": "2025-08-28",
            "date": "1998-10-01",
            "value": "9293.991"
        },
        {
            "realtime_start": "2025-08-28",
            "realtime_end": "2025-08-28",
            "date": "1999-01-01",
            "value": "9411.682"
        },
        {
            "realtime_start": "2025-08-28",
            "realtime_end": "2025-08-28",
            "date": "1999-04-01",
            "value": "9526.21"
        },
        {
            "realtime_start": "2025-08-28",
            "realtime_end": "2025-08-28",
            "date": "1999-07-01",
            "value": "9686.626"
        },
        {
            "realtime_start": "2025-08-28",
            "realtime_end": "2025-08-28",
            "date": "1999-10-01",
            "value": "9900.169"
        },
        {
            "realtime_start": "2025-08-28",
            "realtime_end": "2025-08-28",
            "date": "2000-01-01",
            "value": "10002.179"
        },
        {
            "realtime_start": "2025-08-28",
            "realtime_end": "2025-08-28",
            "date": "2000-04-01",
            "value": "10247.72"
        },
        {
            "realtime_start": "2025-08-28",
            "realtime_end": "2025-08-28",
            "date": "2000-07-01",
            "value": "10318.165"
        },
        {
            "realtime_start": "2025-08-28",
            "realtime_end": "2025-08-28",
            "date": "2000-10-01",
            "value": "10435.744"
        },
        {
            "realtime_start": "2025-08-28",
            "realtime_end": "2025-08-28",
            "date": "2001-01-01",
            "value": "10470.231"
        },
        {
            "realtime_start": "2025-08-28",
            "realtime_end": "2025-08-28",
            "date": "2001-04-01",
            "value": "10599.0"
        },
        {
            "realtime_start": "2025-08-28",
            "realtime_end": "2025-08-28",
            "date": "2001-07-01",
            "value": "10598.02"
        },
        {
            "realtime_start": "2025-08-28",
            "realtime_end": "2025-08-28",
            "date": "2001-10-01",
            "value": "10660.465"
        },
        {
            "realtime_start": "2025-08-28",
            "realtime_end": "2025-08-28",
            "date": "2002-01-01",
            "value": "10783.5"
        },
        {
            "realtime_start": "2025-08-28",
            "realtime_end": "2025-08-28",
            "date": "2002-04-01",
            "value": "10887.46"
        },
        {
            "realtime_start": "2025-08-28",
            "realtime_end": "2025-08-28",
            "date": "2002-07-01",
            "value": "10984.04"
        },
        {
            "realtime_start": "2025-08-28",
            "realtime_end": "2025-08-28",
            "date": "2002-10-01",
            "value": "11061.433"
        },
        {
            "realtime_start": "2025-08-28",
            "realtime_end": "2025-08-28",
            "date": "2003-01-01",
            "value": "11174.129"
        },
        {
            "realtime_start": "2025-08-28",
            "realtime_end": "2025-08-28",
            "date": "2003-04-01",
            "value": "11312.766"
        },
        {
            "realtime_start": "2025-08-28",
            "realtime_end": "2025-08-28",
            "date": "2003-07-01",
            "value": "11566.669"
        },
        {
            "realtime_start": "2025-08-28",
            "realtime_end": "2025-08-28",
            "date": "2003-10-01",
            "value": "11772.234"
        },
        {
            "realtime_start": "2025-08-28",
            "realtime_end": "2025-08-28",
            "date": "2004-01-01",
            "value": "11923.447"
        },
        {
            "realtime_start": "2025-08-28",
            "realtime_end": "2025-08-28",
            "date": "2004-04-01",
            "value": "12112.815"
        },
        {
            "realtime_start": "2025-08-28",
            "realtime_end": "2025-08-28",
            "date": "2004-07-01",
            "value": "12305.307"
        },
        {
            "realtime_start": "2025-08-28",
            "realtime_end": "2025-08-28",
            "date": "2004-10-01",
            "value": "12527.214"
        },
        {
            "realtime_start": "2025-08-28",
            "realtime_end": "2025-08-28",
            "date": "2005-01-01",
            "value": "12767.286"
        },
        {
            "realtime_start": "2025-08-28",
            "realtime_end": "2025-08-28",
            "date": "2005-04-01",
            "value": "12922.656"
        },
        {
            "realtime_start": "2025-08-28",
            "realtime_end": "2025-08-28",
            "date": "2005-07-01",
            "value": "13142.642"
        },
        {
            "realtime_start": "2025-08-28",
            "realtime_end": "2025-08-28",
            "date": "2005-10-01",
            "value": "13324.204"
        },
        {
            "realtime_start": "2025-08-28",
            "realtime_end": "2025-08-28",
            "date": "2006-01-01",
            "value": "13599.16"
        },
        {
            "realtime_start": "2025-08-28",
            "realtime_end": "2025-08-28",
            "date": "2006-04-01",
            "value": "13753.424"
        },
        {
            "realtime_start": "2025-08-28",
            "realtime_end": "2025-08-28",
            "date": "2006-07-01",
            "value": "13870.188"
        },
        {
            "realtime_start": "2025-08-28",
            "realtime_end": "2025-08-28",
            "date": "2006-10-01",
            "value": "14039.56"
        },
        {
            "realtime_start": "2025-08-28",
            "realtime_end": "2025-08-28",
            "date": "2007-01-01",
            "value": "14215.651"
        },
        {
            "realtime_start": "2025-08-28",
            "realtime_end": "2025-08-28",
            "date": "2007-04-01",
            "value": "14402.082"
        },
        {
            "realtime_start": "2025-08-28",
            "realtime_end": "2025-08-28",
            "date": "2007-07-01",
            "value": "14564.117"
        },
        {
            "realtime_start": "2025-08-28",
            "realtime_end": "2025-08-28",
            "date": "2007-10-01",
            "value": "14715.058"
        },
        {
            "realtime_start": "2025-08-28",
            "realtime_end": "2025-08-28",
            "date": "2008-01-01",
            "value": "14706.538"
        },
        {
            "realtime_start": "2025-08-28",
            "realtime_end": "2025-08-28",
            "date": "2008-04-01",
            "value": "14865.701"
        },
        {
            "realtime_start": "2025-08-28",
            "realtime_end": "2025-08-28",
            "date": "2008-07-01",
            "value": "14898.999"
        },
        {
            "realtime_start": "2025-08-28",
            "realtime_end": "2025-08-28",
            "date": "2008-10-01",
            "value": "14608.209"
        },
        {
            "realtime_start": "2025-08-28",
            "realtime_end": "2025-08-28",
            "date": "2009-01-01",
            "value": "14430.902"
        },
        {
            "realtime_start": "2025-08-28",
            "realtime_end": "2025-08-28",
            "date": "2009-04-01",
            "value": "14381.236"
        },
        {
            "realtime_start": "2025-08-28",
            "realtime_end": "2025-08-28",
            "date": "2009-07-01",
            "value": "14448.882"
        },
        {
            "realtime_start": "2025-08-28",
            "realtime_end": "2025-08-28",
            "date": "2009-10-01",
            "value": "14651.249"
        },
        {
            "realtime_start": "2025-08-28",
            "realtime_end": "2025-08-28",
            "date": "2010-01-01",
            "value": "14764.61"
        },
        {
            "realtime_start": "2025-08-28",
            "realtime_end": "2025-08-28",
            "date": "2010-04-01",
            "value": "14980.193"
        },
        {
            "realtime_start": "2025-08-28",
            "realtime_end": "2025-08-28",
            "date": "2010-07-01",
            "value": "15141.607"
        },
        {
            "realtime_start": "2025-08-28",
            "realtime_end": "2025-08-28",
            "date": "2010-10-01",
            "value": "15309.474"
        },
        {
            "realtime_start": "2025-08-28",
            "realtime_end": "2025-08-28",
            "date": "2011-01-01",
            "value": "15351.448"
        },
        {
            "realtime_start": "2025-08-28",
            "realtime_end": "2025-08-28",
            "date": "2011-04-01",
            "value": "15557.539"
        },
        {
            "realtime_start": "2025-08-28",
            "realtime_end": "2025-08-28",
            "date": "2011-07-01",
            "value": "15647.68"
        },
        {
            "realtime_start": "2025-08-28",
            "realtime_end": "2025-08-28",
            "date": "2011-10-01",
            "value": "15842.259"
        },
        {
            "realtime_start": "2025-08-28",
            "realtime_end": "2025-08-28",
            "date": "2012-01-01",
            "value": "16068.805"
        },
        {
            "realtime_start": "2025-08-28",
            "realtime_end": "2025-08-28",
            "date": "2012-04-01",
            "value": "16207.115"
        },
        {
            "realtime_start": "2025-08-28",
            "realtime_end": "2025-08-28",
            "date": "2012-07-01",
            "value": "16319.541"
        },
        {
            "realtime_start": "2025-08-28",
            "realtime_end": "2025-08-28",
            "date": "2012-10-01",
            "value": "16420.419"
        },
        {
            "realtime_start": "2025-08-28",
            "realtime_end": "2025-08-28",
            "date": "2013-01-01",
            "value": "16648.189"
        },
        {
            "realtime_start": "2025-08-28",
            "realtime_end": "2025-08-28",
            "date": "2013-04-01",
            "value": "16728.687"
        },
        {
            "realtime_start": "2025-08-28",
            "realtime_end": "2025-08-28",
            "date": "2013-07-01",
            "value": "16953.838"
        },
        {
            "realtime_start": "2025-08-28",
            "realtime_end": "2025-08-28",
            "date": "2013-10-01",
            "value": "17192.019"
        },
        {
            "realtime_start": "2025-08-28",
            "realtime_end": "2025-08-28",
            "date": "2014-01-01",
            "value": "17197.738"
        },
        {
            "realtime_start": "2025-08-28",
            "realtime_end": "2025-08-28",
            "date": "2014-04-01",
            "value": "17518.508"
        },
        {
            "realtime_start": "2025-08-28",
            "realtime_end": "2025-08-28",
            "date": "2014-07-01",
            "value": "17804.228"
        },
        {
            "realtime_start": "2025-08-28",
            "realtime_end": "2025-08-28",
            "date": "2014-10-01",
            "value": "17912.079"
        },
        {
            "realtime_start": "2025-08-28",
            "realtime_end": "2025-08-28",
            "date": "2015-01-01",
            "value": "18063.529"
        },
        {
            "realtime_start": "2025-08-28",
            "realtime_end": "2025-08-28",
            "date": "2015-04-01",
            "value": "18279.784"
        },
        {
            "realtime_start": "2025-08-28",
            "realtime_end": "2025-08-28",
            "date": "2015-07-01",
            "value": "18401.626"
        },
        {
            "realtime_start": "2025-08-28",
            "realtime_end": "2025-08-28",
            "date": "2015-10-01",
            "value": "18435.137"
        },
        {
            "realtime_start": "2025-08-28",
            "realtime_end": "2025-08-28",
            "date": "2016-01-01",
            "value": "18525.933"
        },
        {
            "realtime_start": "2025-08-28",
            "realtime_end": "2025-08-28",
            "date": "2016-04-01",
            "value": "18711.702"
        },
        {
            "realtime_start": "2025-08-28",
            "realtime_end": "2025-08-28",
            "date": "2016-07-01",
            "value": "18892.639"
        },
        {
            "realtime_start": "2025-08-28",
            "realtime_end": "2025-08-28",
            "date": "2016-10-01",
            "value": "19089.379"
        },
        {
            "realtime_start": "2025-08-28",
            "realtime_end": "2025-08-28",
            "date": "2017-01-01",
            "value": "19280.084"
        },
        {
            "realtime_start": "2025-08-28",
            "realtime_end": "2025-08-28",
            "date": "2017-04-01",
            "value": "19438.643"
        },
        {
            "realtime_start": "2025-08-28",
            "realtime_end": "2025-08-28",
            "date": "2017-07-01",
            "value": "19692.595"
        },
        {
            "realtime_start": "2025-08-28",
            "realtime_end": "2025-08-28",
            "date": "2017-10-01",
            "value": "20037.088"
        },
        {
            "realtime_start": "2025-08-28",
            "realtime_end": "2025-08-28",
            "date": "2018-01-01",
            "value": "20328.553"
        },
        {
            "realtime_start": "2025-08-28",
            "realtime_end": "2025-08-28",
            "date": "2018-04-01",
            "value": "20580.912"
        },
        {
            "realtime_start": "2025-08-28",
            "realtime_end": "2025-08-28",
            "date": "2018-07-01",
            "value": "20798.73"
        },
        {
            "realtime_start": "2025-08-28",
            "realtime_end": "2025-08-28",
            "date": "2018-10-01",
            "value": "20917.867"
        },
        {
            "realtime_start": "2025-08-28",
            "realtime_end": "2025-08-28",
            "date": "2019-01-01",
            "value": "21111.6"
        },
        {
            "realtime_start": "2025-08-28",
            "realtime_end": "2025-08-28",
            "date": "2019-04-01",
            "value": "21397.938"
        },
        {
            "realtime_start": "2025-08-28",
            "realtime_end": "2025-08-28",
            "date": "2019-07-01",
            "value": "21717.171"
        },
        {
            "realtime_start": "2025-08-28",
            "realtime_end": "2025-08-28",
            "date": "2019-10-01",
            "value": "21933.217"
        },
        {
            "realtime_start": "2025-08-28",
            "realtime_end": "2025-08-28",
            "date": "2020-01-01",
            "value": "21727.657"
        },
        {
            "realtime_start": "2025-08-28",
            "realtime_end": "2025-08-28",
            "date": "2020-04-01",
            "value": "19935.444"
        },
        {
            "realtime_start": "2025-08-28",
            "realtime_end": "2025-08-28",
            "date": "2020-07-01",
            "value": "21684.551"
        },
        {
            "realtime_start": "2025-08-28",
            "realtime_end": "2025-08-28",
            "date": "2020-10-01",
            "value": "22068.767"
        },
        {
            "realtime_start": "2025-08-28",
            "realtime_end": "2025-08-28",
            "date": "2021-01-01",
            "value": "22656.793"
        },
        {
            "realtime_start": "2025-08-28",
            "realtime_end": "2025-08-28",
            "date": "2021-04-01",
            "value": "23368.861"
        },
        {
            "realtime_start": "2025-08-28",
            "realtime_end": "2025-08-28",
            "date": "2021-07-01",
            "value": "23921.991"
        },
        {
            "realtime_start": "2025-08-28",
            "realtime_end": "2025-08-28",
            "date": "2021-10-01",
            "value": "24777.038"
        },
        {
            "realtime_start": "2025-08-28",
            "realtime_end": "2025-08-28",
            "date": "2022-01-01",
            "value": "25215.491"
        },
        {
            "realtime_start": "2025-08-28",
            "realtime_end": "2025-08-28",
            "date": "2022-04-01",
            "value": "25805.791"
        },
        {
            "realtime_start": "2025-08-28",
            "realtime_end": "2025-08-28",
            "date": "2022-07-01",
            "value": "26272.011"
        },
        {
            "realtime_start": "2025-08-28",
            "realtime_end": "2025-08-28",
            "date": "2022-10-01",
            "value": "26734.277"
        },
        {
            "realtime_start": "2025-08-28",
            "realtime_end": "2025-08-28",
            "date": "2023-01-01",
            "value": "27164.359"
        },
        {
            "realtime_start": "2025-08-28",
            "realtime_end": "2025-08-28",
            "date": "2023-04-01",
            "value": "27453.815"
        },
        {
            "realtime_start": "2025-08-28",
            "realtime_end": "2025-08-28",
            "date": "2023-07-01",
            "value": "27967.697"
        },
        {
            "realtime_start": "2025-08-28",
            "realtime_end": "2025-08-28",
            "date": "2023-10-01",
            "value": "28296.967"
        },
        {
            "realtime_start": "2025-08-28",
            "realtime_end": "2025-08-28",
            "date": "2024-01-01",
            "value": "28624.069"
        },
        {
            "realtime_start": "2025-08-28",
            "realtime_end": "2025-08-28",
            "date": "2024-04-01",
            "value": "29016.714"
        },
        {
            "realtime_start": "2025-08-28",
            "realtime_end": "2025-08-28",
            "date": "2024-07-01",
            "value": "29374.914"
        },
        {
            "realtime_start": "2025-08-28",
            "realtime_end": "2025-08-28",
            "date": "2024-10-01",
            "value": "29723.864"
        },
        {
            "realtime_start": "2025-08-28",
            "realtime_end": "2025-08-28",
            "date": "2025-01-01",
            "value": "29962.047"
        },
        {
            "realtime_start": "2025-08-28",
            "realtime_end": "2025-08-28",
            "date": "2025-04-01",
            "value": "30353.902"
        }
    ]
}
.
testing/test_google_maps_api.py ..
testing/test_hud_api.py OZ Data Retrieved for GEOID: 32003000700
  State: Nevada, County: Clark
  Fetched 19 attributes.
.
testing/test_hud_oz_data.py 
--- HUD OZ Data Fetched ---
OZ_2018_Values_Census_Tract_Qua: 32003000700
OZ_2018_Values_Census_Tract_Q_1: Nevada
OZ_2018_Values_Census_Tract_Q_2: Clark
OZ_2018_Values_Census_Tract_Q_3: 32003000700
OZ_2018_Values_Census_Tract_Q_4: Low-Income Community
OZ_2018_Values_populationtotals: 1.27
OZ_2018_Values_keyusfacts_tothh: 1368
OZ_2018_Values_retailmarketplac: 149138511
OZ_2018_Values_industrybynaicsc: 67814
OZ_2018_Values_gender_medage_cy: 38.4
OZ_2018_Values_householdincome_: 15639
OZ_2018_Values_wealth_medval_cy: 132500
OZ_2018_Values_householdincome1: 17427
OZ_2018_Values_wealth_medval_fy: 166667
OZ_2018_Values_educationalattai: 8.43
OZ_2018_Values_industry_unemprt: 9.8
OZ_2018_Values_populationtota_1: 5486
OZ_2018_Values_businesses_n01_b: 705
OZ_2018_Values_employees_n01_em: 20003
OZ_2018_Values_raceandhispanico: 64.51
--------------------------
.
testing/test_nces_api.py .

=================================== FAILURES ===================================
__________________________ test_attom_property_detail __________________________

    @pytest.mark.timeout(25)
    @pytest.mark.skipif(not os.getenv("ATTOM_API_KEY"), reason="ATTOM_API_KEY not set")
    def test_attom_property_detail():
        api_key = os.getenv("ATTOM_API_KEY")
        address1 = os.getenv("ATTOM_TEST_ADDRESS1", "4529 Winona Court")
        address2 = os.getenv("ATTOM_TEST_ADDRESS2", "Denver, CO")
        url = (
            "https://api.gateway.attomdata.com/propertyapi/v1.0.0/property/detail"
            f"?address1={requests.utils.quote(address1)}&address2={requests.utils.quote(address2)}"
        )
        headers = {"accept": "application/json", "apikey": api_key}
        r = requests.get(url, headers=headers, timeout=20)
>       assert r.status_code in (200, 206), f"HTTP {r.status_code}: {r.text[:200]}"
E       AssertionError: HTTP 401: {"Response":{"status":{"version": "1.0.0","code": "401","msg": "Unauthorized","total": "0","page": "0","pagesize": "0"}}}
E       assert 401 in (200, 206)
E        +  where 401 = <Response [401]>.status_code

testing/test_attom_api.py:19: AssertionError
=============================== warnings summary ===============================
testing/test_hud_api.py::test_hud_opportunity_zones_comprehensive_data
  /Users/aryanjain/Desktop/OZListings/oz-doc-processor/.venv/lib/python3.13/site-packages/_pytest/python.py:161: PytestReturnNotNoneWarning: Test functions should return None, but testing/test_hud_api.py::test_hud_opportunity_zones_comprehensive_data returned <class 'dict'>.
  Did you mean to use `assert` instead of `return`?
  See https://docs.pytest.org/en/stable/how-to/assert.html#return-not-none for more information.
    warnings.warn(

-- Docs: https://docs.pytest.org/en/stable/how-to/capture-warnings.html
=========================== short test summary info ============================
FAILED testing/test_attom_api.py::test_attom_property_detail - AssertionError...
======== 1 failed, 7 passed, 4 skipped, 1 xfailed, 1 warning in 18.76s =========
============================= test session starts ==============================
platform darwin -- Python 3.13.5, pytest-8.4.1, pluggy-1.6.0
rootdir: /Users/aryanjain/Desktop/OZListings/oz-doc-processor
configfile: pyproject.toml
plugins: asyncio-1.1.0, timeout-2.4.0, anyio-4.10.0
asyncio: mode=Mode.STRICT, asyncio_default_fixture_loop_scope=None, asyncio_default_test_loop_scope=function
collected 1 item

testing/test_fred_api.py --- FRED GDP Data for Series ID: REALGDPALL12001 ---
{
    "realtime_start": "2025-09-03",
    "realtime_end": "2025-09-03",
    "observation_start": "1600-01-01",
    "observation_end": "9999-12-31",
    "units": "lin",
    "output_type": 1,
    "file_type": "json",
    "order_by": "observation_date",
    "sort_order": "asc",
    "count": 23,
    "offset": 0,
    "limit": 100000,
    "observations": [
        {
            "realtime_start": "2025-09-03",
            "realtime_end": "2025-09-03",
            "date": "2001-01-01",
            "value": "9994813"
        },
        {
            "realtime_start": "2025-09-03",
            "realtime_end": "2025-09-03",
            "date": "2002-01-01",
            "value": "10320581"
        },
        {
            "realtime_start": "2025-09-03",
            "realtime_end": "2025-09-03",
            "date": "2003-01-01",
            "value": "10423925"
        },
        {
            "realtime_start": "2025-09-03",
            "realtime_end": "2025-09-03",
            "date": "2004-01-01",
            "value": "11381436"
        },
        {
            "realtime_start": "2025-09-03",
            "realtime_end": "2025-09-03",
            "date": "2005-01-01",
            "value": "11632885"
        },
        {
            "realtime_start": "2025-09-03",
            "realtime_end": "2025-09-03",
            "date": "2006-01-01",
            "value": "11902203"
        },
        {
            "realtime_start": "2025-09-03",
            "realtime_end": "2025-09-03",
            "date": "2007-01-01",
            "value": "12582554"
        },
        {
            "realtime_start": "2025-09-03",
            "realtime_end": "2025-09-03",
            "date": "2008-01-01",
            "value": "12522235"
        },
        {
            "realtime_start": "2025-09-03",
            "realtime_end": "2025-09-03",
            "date": "2009-01-01",
            "value": "12167184"
        },
        {
            "realtime_start": "2025-09-03",
            "realtime_end": "2025-09-03",
            "date": "2010-01-01",
            "value": "12064471"
        },
        {
            "realtime_start": "2025-09-03",
            "realtime_end": "2025-09-03",
            "date": "2011-01-01",
            "value": "11899264"
        },
        {
            "realtime_start": "2025-09-03",
            "realtime_end": "2025-09-03",
            "date": "2012-01-01",
            "value": "11809622"
        },
        {
            "realtime_start": "2025-09-03",
            "realtime_end": "2025-09-03",
            "date": "2013-01-01",
            "value": "11978144"
        },
        {
            "realtime_start": "2025-09-03",
            "realtime_end": "2025-09-03",
            "date": "2014-01-01",
            "value": "12285865"
        },
        {
            "realtime_start": "2025-09-03",
            "realtime_end": "2025-09-03",
            "date": "2015-01-01",
            "value": "12507998"
        },
        {
            "realtime_start": "2025-09-03",
            "realtime_end": "2025-09-03",
            "date": "2016-01-01",
            "value": "12732074"
        },
        {
            "realtime_start": "2025-09-03",
            "realtime_end": "2025-09-03",
            "date": "2017-01-01",
            "value": "13230632"
        },
        {
            "realtime_start": "2025-09-03",
            "realtime_end": "2025-09-03",
            "date": "2018-01-01",
            "value": "13699099"
        },
        {
            "realtime_start": "2025-09-03",
            "realtime_end": "2025-09-03",
            "date": "2019-01-01",
            "value": "14130088"
        },
        {
            "realtime_start": "2025-09-03",
            "realtime_end": "2025-09-03",
            "date": "2020-01-01",
            "value": "14002876"
        },
        {
            "realtime_start": "2025-09-03",
            "realtime_end": "2025-09-03",
            "date": "2021-01-01",
            "value": "15014305"
        },
        {
            "realtime_start": "2025-09-03",
            "realtime_end": "2025-09-03",
            "date": "2022-01-01",
            "value": "15617706"
        },
        {
            "realtime_start": "2025-09-03",
            "realtime_end": "2025-09-03",
            "date": "2023-01-01",
            "value": "16176855"
        }
    ]
}
.

============================== 1 passed in 0.92s ===============================
============================= test session starts ==============================
platform darwin -- Python 3.13.5, pytest-8.4.1, pluggy-1.6.0
rootdir: /Users/aryanjain/Desktop/OZListings/oz-doc-processor
configfile: pyproject.toml
plugins: asyncio-1.1.0, timeout-2.4.0, anyio-4.10.0
asyncio: mode=Mode.STRICT, asyncio_default_fixture_loop_scope=None, asyncio_default_test_loop_scope=function
collected 1 item

testing/test_fred_api.py Using FRED_TEST_STATE_FIPS: 12
Using FRED_TEST_COUNTY_FIPS: 001
--- FRED GDP Data for Series ID: REALGDPALL12001 ---
{
    "realtime_start": "2025-09-03",
    "realtime_end": "2025-09-03",
    "observation_start": "1600-01-01",
    "observation_end": "9999-12-31",
    "units": "lin",
    "output_type": 1,
    "file_type": "json",
    "order_by": "observation_date",
    "sort_order": "asc",
    "count": 23,
    "offset": 0,
    "limit": 100000,
    "observations": [
        {
            "realtime_start": "2025-09-03",
            "realtime_end": "2025-09-03",
            "date": "2001-01-01",
            "value": "9994813"
        },
        {
            "realtime_start": "2025-09-03",
            "realtime_end": "2025-09-03",
            "date": "2002-01-01",
            "value": "10320581"
        },
        {
            "realtime_start": "2025-09-03",
            "realtime_end": "2025-09-03",
            "date": "2003-01-01",
            "value": "10423925"
        },
        {
            "realtime_start": "2025-09-03",
            "realtime_end": "2025-09-03",
            "date": "2004-01-01",
            "value": "11381436"
        },
        {
            "realtime_start": "2025-09-03",
            "realtime_end": "2025-09-03",
            "date": "2005-01-01",
            "value": "11632885"
        },
        {
            "realtime_start": "2025-09-03",
            "realtime_end": "2025-09-03",
            "date": "2006-01-01",
            "value": "11902203"
        },
        {
            "realtime_start": "2025-09-03",
            "realtime_end": "2025-09-03",
            "date": "2007-01-01",
            "value": "12582554"
        },
        {
            "realtime_start": "2025-09-03",
            "realtime_end": "2025-09-03",
            "date": "2008-01-01",
            "value": "12522235"
        },
        {
            "realtime_start": "2025-09-03",
            "realtime_end": "2025-09-03",
            "date": "2009-01-01",
            "value": "12167184"
        },
        {
            "realtime_start": "2025-09-03",
            "realtime_end": "2025-09-03",
            "date": "2010-01-01",
            "value": "12064471"
        },
        {
            "realtime_start": "2025-09-03",
            "realtime_end": "2025-09-03",
            "date": "2011-01-01",
            "value": "11899264"
        },
        {
            "realtime_start": "2025-09-03",
            "realtime_end": "2025-09-03",
            "date": "2012-01-01",
            "value": "11809622"
        },
        {
            "realtime_start": "2025-09-03",
            "realtime_end": "2025-09-03",
            "date": "2013-01-01",
            "value": "11978144"
        },
        {
            "realtime_start": "2025-09-03",
            "realtime_end": "2025-09-03",
            "date": "2014-01-01",
            "value": "12285865"
        },
        {
            "realtime_start": "2025-09-03",
            "realtime_end": "2025-09-03",
            "date": "2015-01-01",
            "value": "12507998"
        },
        {
            "realtime_start": "2025-09-03",
            "realtime_end": "2025-09-03",
            "date": "2016-01-01",
            "value": "12732074"
        },
        {
            "realtime_start": "2025-09-03",
            "realtime_end": "2025-09-03",
            "date": "2017-01-01",
            "value": "13230632"
        },
        {
            "realtime_start": "2025-09-03",
            "realtime_end": "2025-09-03",
            "date": "2018-01-01",
            "value": "13699099"
        },
        {
            "realtime_start": "2025-09-03",
            "realtime_end": "2025-09-03",
            "date": "2019-01-01",
            "value": "14130088"
        },
        {
            "realtime_start": "2025-09-03",
            "realtime_end": "2025-09-03",
            "date": "2020-01-01",
            "value": "14002876"
        },
        {
            "realtime_start": "2025-09-03",
            "realtime_end": "2025-09-03",
            "date": "2021-01-01",
            "value": "15014305"
        },
        {
            "realtime_start": "2025-09-03",
            "realtime_end": "2025-09-03",
            "date": "2022-01-01",
            "value": "15617706"
        },
        {
            "realtime_start": "2025-09-03",
            "realtime_end": "2025-09-03",
            "date": "2023-01-01",
            "value": "16176855"
        }
    ]
}
.

============================== 1 passed in 0.31s ===============================
